Script started on Wed 10 Feb 2016 08:25:10 PM PST
bash-4.2$ mmk[K[Kk uninit.c
CSOURCE=uninit.c EXECBIN=uninit
+ cid + uninit.c
+ checksource uninit.c
+ gcc -g -O0 -Wall -Wextra -std=gnu99 uninit.c -o uninit -lm
+ tee uninit.c.log
uninit.c: In function â€˜mainâ€™:
uninit.c:6:15: warning: unused parameter â€˜argcâ€™ [-Wunused-parameter]
 int main (int argc, char **argv) {
               ^
uninit.c:6:28: warning: unused parameter â€˜argvâ€™ [-Wunused-parameter]
 int main (int argc, char **argv) {
                            ^
uninit.c:8:4: warning: â€˜pointerâ€™ is used uninitialized in this function [-Wuninitialized]
    printf ("pointer=%p\n", pointer);
    ^
uninit.c:11:4: warning: â€˜fooâ€™ is used uninitialized in this function [-Wuninitialized]
    printf ("foo=%d\n", foo);
    ^
+ set +x
============================================================
bash-4.2$ valgrind uninit
==29220== Memcheck, a memory error detector
==29220== Copyright (C) 2002-2013, and GNU GPL'd, by Julian Seward et al.
==29220== Using Valgrind-3.10.1 and LibVEX; rerun with -h for copyright info
==29220== Command: uninit
==29220== 
==29220== Conditional jump or move depends on uninitialised value(s)
==29220==    at 0x5181726: vfprintf (in /usr/lib64/libc-2.17.so)
==29220==    by 0x5188C98: printf (in /usr/lib64/libc-2.17.so)
==29220==    by 0x40060A: main (uninit.c:8)
==29220== 
pointer=(nil)
==29220== Use of uninitialised value of size 8
==29220==    at 0x40060F: main (uninit.c:9)
==29220== 
==29220== Invalid read of size 4
==29220==    at 0x40060F: main (uninit.c:9)
==29220==  Address 0x0 is not stack'd, malloc'd or (recently) free'd
==29220== 
==29220== 
==29220== Process terminating with default action of signal 11 (SIGSEGV)
==29220==  Access not within mapped region at address 0x0
==29220==    at 0x40060F: main (uninit.c:9)
==29220==  If you believe this happened as a result of a stack
==29220==  overflow in your program's main thread (unlikely but
==29220==  possible), you can try to increase the size of the
==29220==  main thread stack using the --main-stacksize= flag.
==29220==  The main thread stack size used in this run was 8388608.
==29220== 
==29220== HEAP SUMMARY:
==29220==     in use at exit: 0 bytes in 0 blocks
==29220==   total heap usage: 0 allocs, 0 frees, 0 bytes allocated
==29220== 
==29220== All heap blocks were freed -- no leaks are possible
==29220== 
==29220== For counts of detected and suppressed errors, rerun with: -v
==29220== Use --track-origins=yes to see where uninitialised values come from
==29220== ERROR SUMMARY: 3 errors from 3 contexts (suppressed: 1 from 1)
Segmentation fault (core dumped)
bash-4.2$ echo $?
139
bash-4.2$ pstatus 139
pstatus: 0x008B TERMINATED 11: Segmentation fault (core dumped)
bash-4.2$ exit
exit

Script done on Wed 10 Feb 2016 08:25:55 PM PST
